com/fortify/sca/plugins/maven/handler/AbstractPackagingHandler.class
com/fortify/sca/plugins/maven/util/SystemUtil.class
com/fortify/sca/plugins/maven/util/StringUtil.class
com/fortify/sca/plugins/maven/AbstractSCAMojo.class
com/fortify/sca/plugins/maven/ScanMojo.class
com/fortify/sca/plugins/maven/handler/EclipsePluginPackagingHandler.class
com/fortify/sca/plugins/maven/handler/AbstractJavaPackagingHandler.class
com/fortify/sca/plugins/maven/AbstractCloudScanMojo.class
com/fortify/sca/plugins/maven/handler/XCodePackagingHandler.class
com/fortify/sca/plugins/maven/util/FileUtil.class
com/fortify/sca/plugins/maven/StartCloudscanMojo.class
com/fortify/sca/plugins/maven/handler/RarPackagingHandler.class
com/fortify/sca/plugins/maven/handler/JarPackagingHandler.class
com/fortify/sca/plugins/maven/ExportBuildSessionMojo.class
com/fortify/sca/plugins/maven/AbstractFortifyMojo.class
com/fortify/sca/plugins/maven/UploadMojo.class
com/fortify/sca/plugins/maven/util/OptionUtil.class
com/fortify/sca/plugins/maven/handler/WarPackagingHandler.class
com/fortify/sca/plugins/maven/CleanMojo.class
com/fortify/sca/plugins/maven/handler/EarPackagingHandler.class
com/fortify/sca/plugins/maven/TranslateMojo.class
com/fortify/sca/plugins/maven/AbstractFortifyClientMojo.class
com/fortify/sca/plugins/maven/util/PluginUtil.class
