/private/tmp/sca-maven-plugin/src/main/java/com/fortify/sca/plugins/maven/AbstractFortifyClientMojo.java
/private/tmp/sca-maven-plugin/target/generated-sources/plugin/HelpMojo.java
/private/tmp/sca-maven-plugin/src/main/java/com/fortify/sca/plugins/maven/handler/AbstractPackagingHandler.java
/private/tmp/sca-maven-plugin/src/main/java/com/fortify/sca/plugins/maven/AbstractFortifyMojo.java
/private/tmp/sca-maven-plugin/src/main/java/com/fortify/sca/plugins/maven/handler/JarPackagingHandler.java
/private/tmp/sca-maven-plugin/src/main/java/com/fortify/sca/plugins/maven/handler/XCodePackagingHandler.java
/private/tmp/sca-maven-plugin/src/main/java/com/fortify/sca/plugins/maven/AbstractSCAMojo.java
/private/tmp/sca-maven-plugin/src/main/java/com/fortify/sca/plugins/maven/util/PluginUtil.java
/private/tmp/sca-maven-plugin/src/main/java/com/fortify/sca/plugins/maven/CleanMojo.java
/private/tmp/sca-maven-plugin/src/main/java/com/fortify/sca/plugins/maven/TranslateMojo.java
/private/tmp/sca-maven-plugin/src/main/java/com/fortify/sca/plugins/maven/AbstractCloudScanMojo.java
/private/tmp/sca-maven-plugin/src/main/java/com/fortify/sca/plugins/maven/handler/RarPackagingHandler.java
/private/tmp/sca-maven-plugin/src/main/java/com/fortify/sca/plugins/maven/handler/EarPackagingHandler.java
/private/tmp/sca-maven-plugin/src/main/java/com/fortify/sca/plugins/maven/util/SystemUtil.java
/private/tmp/sca-maven-plugin/src/main/java/com/fortify/sca/plugins/maven/UploadMojo.java
/private/tmp/sca-maven-plugin/src/main/java/com/fortify/sca/plugins/maven/handler/EclipsePluginPackagingHandler.java
/private/tmp/sca-maven-plugin/src/main/java/com/fortify/sca/plugins/maven/ScanMojo.java
/private/tmp/sca-maven-plugin/src/main/java/com/fortify/sca/plugins/maven/StartCloudscanMojo.java
/private/tmp/sca-maven-plugin/src/main/java/com/fortify/sca/plugins/maven/ExportBuildSessionMojo.java
/private/tmp/sca-maven-plugin/src/main/java/com/fortify/sca/plugins/maven/util/OptionUtil.java
/private/tmp/sca-maven-plugin/src/main/java/com/fortify/sca/plugins/maven/handler/WarPackagingHandler.java
/private/tmp/sca-maven-plugin/src/main/java/com/fortify/sca/plugins/maven/util/StringUtil.java
/private/tmp/sca-maven-plugin/src/main/java/com/fortify/sca/plugins/maven/util/FileUtil.java
/private/tmp/sca-maven-plugin/src/main/java/com/fortify/sca/plugins/maven/handler/AbstractJavaPackagingHandler.java
